// Jest Snapshot v1, https://goo.gl/fbAQLP

exports[`CloseButton renders correctly 1`] = `
<div>
  <button
    class="CloseButton"
    data-testid="close-button"
  >
    âœ–
  </button>
</div>
`;
